Sat 22/08/2015 
10:10 AM
$PROB MELPHALAN-OSU11055 TWO COMPARTMENT INFUSION PKPD
$INPUT NOTE ID TIME ANC DV AMT RATE MDV DVID CMT WT BSA SEX AGE CRCL FFM HCT P53FOLD IC50 SLC7A5
$DATA ..\PKPD_OSU11055_Neutropenia_lnplus4.csv IGNORE=#

$SUBR ADVAN6 TOL=3

$MODEL 
    COMP=(PKCENTR)
    COMP=(PKPERI)
       COMP=(STEM)
       COMP=(ANC,DEFOBS)
       COMP=(TRANSIT1)
       COMP=(TRANSIT2)
       COMP=(TRANSIT3)
    COMP=(INPUT2)
    
$PK

   TVCL=THETA(1)*((CRCL/91.94)**THETA(14))*((FFM/59.90)**(0.75))*((HCT/32.50)**THETA(16))
   TVV1=THETA(2)*(FFM/59.90)
   TVQ=THETA(3)*((FFM/59.90)**(0.75))
   TVV2=THETA(4)*(1+SLC7A5*THETA(15))*(FFM/59.90)
   
   CL=TVCL*EXP(ETA(1))
   V1=TVV1*EXP(ETA(2))
   Q=TVQ*EXP(ETA(3))
   V2=TVV2*EXP(ETA(1)*THETA(5))
   
   S1=V1

   K10=CL/V1
   K12=Q/V1
   K21=Q/V2
   
   BASE=THETA(6)*EXP(ETA(4))
   MTT=THETA(7)*EXP(ETA(5))
   K=4/MTT
   POWER1=THETA(8)
   SLOPE=THETA(9)*EXP(ETA(6))
   KE=LOG(2)/THETA(10)
   
   IPT=THETA(11)*EXP(ETA(7))

   IP0=THETA(12)*EXP(ETA(8))
 
   A_0(3)=KE*BASE/K
   A_0(4)=BASE
   A_0(5)=KE*BASE/K
   A_0(6)=KE*BASE/K
   A_0(7)=KE*BASE/K  
   A_0(8)=IP0   
   
$DES
CP=A(1)/V1
DRUG=SLOPE*CP
;****************KINETICS****************************
DADT(1)=A(2)*K21-A(1)*K10-A(1)*K12
DADT(2)=A(1)*K12-A(2)*K21
;****************DYNAMICS****************************

FN=(BASE/0.001)**POWER1
IF(A(4).GT.0.001) FN=(BASE/A(4))**POWER1
KIN=0
IF(TIME.GT.72)    KIN=1/IPT

DADT(3)=K*A(3)*(1-DRUG)*FN - K*A(3)  ;STEM
DADT(4)=K*A(7) - KE*A(4) + KIN*A(8)              ;ANC 
DADT(5)=K*A(3) - K*A(5)              ;TRANSIT 1
DADT(6)=K*A(5) - K*A(6)              ;TRANSIT 2
DADT(7)=K*A(6) - K*A(7)               ;TRANSIT 3 
DADT(8)=-KIN*A(8)    ; INPUT2

$ERROR 
   IPRED=F
IF (CMT .EQ. 4) IPRED=LOG(F)+4
   IRES=DV-IPRED
   W=THETA(13)
   IF(W.EQ.0) W=1
   IWRES=IRES/W

QK=0
QD=0
IF (CMT .EQ. 1) QK=1
IF (CMT .EQ. 4) QD=1


PKY=IPRED * EXP(ERR(1))
PDY=IPRED + W*ERR(2)
 
 Y=QK*PKY+QD*PDY    

$THETA
29.3 FIX ; THETA1
19.6 FIX ; THETA2
28.3 FIX  ; THETA3
20.8 FIX  ; THETA4
1.31 FIX; THETA5
5.2 FIX  ;THETA6
105 FIX     ;THETA7
0.209 FIX       ;THETA8
10.3 FIX         ;THETA9
7 FIX ; THETA10
12.9 FIX; THETA11
19.9 FIX; THETA12
0.624 FIX ; THETA13

0.148 FIX; THETA14
-0.116 FIX; THETA15
0.205 FIX; THETA16


$OMEGA
0.0777 FIX ;ETA1
0.0681 FIX ;ETA2
0.287 FIX ;ETA3
0.111 FIX  ;ETA4
0.00987 FIX ;ETA5
0.0778 FIX  ;ETA6
0 FIX ; ETA7
2.39 FIX; ETA8

$SIGMA
0.0588 FIX ; EPS1
1 FIX  ;EPS2

$SIMULATION (9215690) ONLYSIM SUBPROBLEMS=200

$TABLE ID TIME AMT MDV DVID CMT Y IPRED
ONEHEADER NOPRINT FILE=119pt_pkpd_neutropenia_inputdelay_sim100.fit
  
NM-TRAN MESSAGES 
  
 WARNINGS AND ERRORS (IF ANY) FOR PROBLEM    1
             
 (WARNING  2) NM-TRAN INFERS THAT THE DATA ARE POPULATION.
License Registered to: UniSA - HQ - Australian Centre for Pharmacometrics - Academic
Expiration Date:    14 APR 2020
Current Date:       22 AUG 2015
Days until program expires :1697
1NONLINEAR MIXED EFFECTS MODEL PROGRAM (NONMEM) VERSION 7.3.0
 ORIGINALLY DEVELOPED BY STUART BEAL, LEWIS SHEINER, AND ALISON BOECKMANN
 CURRENT DEVELOPERS ARE ROBERT BAUER, ICON DEVELOPMENT SOLUTIONS,
 AND ALISON BOECKMANN. IMPLEMENTATION, EFFICIENCY, AND STANDARDIZATION
 PERFORMED BY NOUS INFOSYSTEMS.

 PROBLEM NO.:         1
 MELPHALAN-OSU11055 TWO COMPARTMENT INFUSION PKPD
0DATA CHECKOUT RUN:              NO
 DATA SET LOCATED ON UNIT NO.:    2
 THIS UNIT TO BE REWOUND:        NO
 NO. OF DATA RECS IN DATA SET:     2903
 NO. OF DATA ITEMS IN DATA SET:  21
 ID DATA ITEM IS DATA ITEM NO.:   2
 DEP VARIABLE IS DATA ITEM NO.:   5
 MDV DATA ITEM IS DATA ITEM NO.:  8
0INDICES PASSED TO SUBROUTINE PRED:
  21   3   6   7   0   0  10   0   0   0   0
0LABELS FOR DATA ITEMS:
 NOTE ID TIME ANC DV AMT RATE MDV DVID CMT WT BSA SEX AGE CRCL FFM HCT P53FOLD IC50 SLC7A5 EVID
0(NONBLANK) LABELS FOR PRED-DEFINED ITEMS:
 IPRED Y
0FORMAT FOR DATA:
 (3(6E12.0/),2E12.0,1F2.0)

 TOT. NO. OF OBS RECS:     2785
 TOT. NO. OF INDIVIDUALS:    118
0LENGTH OF THETA:  16
0DEFAULT THETA BOUNDARY TEST OMITTED:    NO
0OMEGA HAS SIMPLE DIAGONAL FORM WITH DIMENSION:   8
0DEFAULT OMEGA BOUNDARY TEST OMITTED:    NO
0SIGMA HAS SIMPLE DIAGONAL FORM WITH DIMENSION:   2
0DEFAULT SIGMA BOUNDARY TEST OMITTED:    NO
0INITIAL ESTIMATE OF THETA:
 LOWER BOUND    INITIAL EST    UPPER BOUND
  0.2930E+02     0.2930E+02     0.2930E+02
  0.1960E+02     0.1960E+02     0.1960E+02
  0.2830E+02     0.2830E+02     0.2830E+02
  0.2080E+02     0.2080E+02     0.2080E+02
  0.1310E+01     0.1310E+01     0.1310E+01
  0.5200E+01     0.5200E+01     0.5200E+01
  0.1050E+03     0.1050E+03     0.1050E+03
  0.2090E+00     0.2090E+00     0.2090E+00
  0.1030E+02     0.1030E+02     0.1030E+02
  0.7000E+01     0.7000E+01     0.7000E+01
  0.1290E+02     0.1290E+02     0.1290E+02
  0.1990E+02     0.1990E+02     0.1990E+02
  0.6240E+00     0.6240E+00     0.6240E+00
  0.1480E+00     0.1480E+00     0.1480E+00
 -0.1160E+00    -0.1160E+00    -0.1160E+00
  0.2050E+00     0.2050E+00     0.2050E+00
0INITIAL ESTIMATE OF OMEGA:
 0.7770E-01
 0.0000E+00   0.6810E-01
 0.0000E+00   0.0000E+00   0.2870E+00
 0.0000E+00   0.0000E+00   0.0000E+00   0.1110E+00
 0.0000E+00   0.0000E+00   0.0000E+00   0.0000E+00   0.9870E-02
 0.0000E+00   0.0000E+00   0.0000E+00   0.0000E+00   0.0000E+00   0.7780E-01
 0.0000E+00   0.0000E+00   0.0000E+00   0.0000E+00   0.0000E+00   0.0000E+00   0.0000E+00
 0.0000E+00   0.0000E+00   0.0000E+00   0.0000E+00   0.0000E+00   0.0000E+00   0.0000E+00   0.2390E+01
0OMEGA CONSTRAINED TO BE THIS INITIAL ESTIMATE
0INITIAL ESTIMATE OF SIGMA:
 0.5880E-01
 0.0000E+00   0.1000E+01
0SIGMA CONSTRAINED TO BE THIS INITIAL ESTIMATE
0SIMULATION STEP OMITTED:    NO
 OBJ FUNC EVALUATED:         NO
0SIMULATION RANDOM METHOD SELECTED (RANMETHOD): DEFAULT
 SOURCE   1:
   SEED1:       9215690   SEED2:             0   PSEUDO-NORMAL
 NUMBER OF SUBPROBLEMS:  200
0TABLES STEP OMITTED:    NO
 NO. OF TABLES:           1
 SEED NUMBER (SEED):    11456
 RANMETHOD:
 MC SAMPLES (ESEED):    300
 WRES SQUARE ROOT TYPE:            EIGENVALUE
0-- TABLE   1 --
 PRINTED:                NO
 HEADERS:               ONE
 FILE TO BE FORWARDED:   NO
 FORMAT:                S1PE11.4
 LFORMAT:
 RFORMAT:
0USER-CHOSEN ITEMS:
 ID TIME AMT MDV DVID CMT Y IPRED
1DOUBLE PRECISION PREDPP VERSION 7.3.0

 GENERAL NONLINEAR KINETICS MODEL (ADVAN6)
0MODEL SUBROUTINE USER-SUPPLIED - ID NO. 9999
0MAXIMUM NO. OF BASIC PK PARAMETERS:  10
0COMPARTMENT ATTRIBUTES
 COMPT. NO.   FUNCTION   INITIAL    ON/OFF      DOSE      DEFAULT    DEFAULT
                         STATUS     ALLOWED    ALLOWED    FOR DOSE   FOR OBS.
    1         PKCENTR      ON         YES        YES        YES        NO
    2         PKPERI       ON         YES        YES        NO         NO
    3         STEM         ON         YES        YES        NO         NO
    4         ANC          ON         YES        YES        NO         YES
    5         TRANSIT1     ON         YES        YES        NO         NO
    6         TRANSIT2     ON         YES        YES        NO         NO
    7         TRANSIT3     ON         YES        YES        NO         NO
    8         INPUT2       ON         YES        YES        NO         NO
    9         OUTPUT       OFF        YES        NO         NO         NO
0NRD VALUE FROM SUBROUTINE TOL:   3
1
 ADDITIONAL PK PARAMETERS - ASSIGNMENT OF ROWS IN GG
 COMPT. NO.                             INDICES
              SCALE      BIOAVAIL.   ZERO-ORDER  ZERO-ORDER  ABSORB
                         FRACTION    RATE        DURATION    LAG
    1           11           *           *           *           *
    2            *           *           *           *           *
    3            *           *           *           *           *
    4            *           *           *           *           *
    5            *           *           *           *           *
    6            *           *           *           *           *
    7            *           *           *           *           *
    8            *           *           *           *           *
    9            *           -           -           -           -
             - PARAMETER IS NOT ALLOWED FOR THIS MODEL
             * PARAMETER IS NOT SUPPLIED BY PK SUBROUTINE;
               WILL DEFAULT TO ONE IF APPLICABLE
0DATA ITEM INDICES USED BY PRED ARE:
   EVENT ID DATA ITEM IS DATA ITEM NO.:     21
   TIME DATA ITEM IS DATA ITEM NO.:          3
   DOSE AMOUNT DATA ITEM IS DATA ITEM NO.:   6
   DOSE RATE DATA ITEM IS DATA ITEM NO.:     7
   COMPT. NO. DATA ITEM IS DATA ITEM NO.:   10

0PK SUBROUTINE CALLED WITH EVERY EVENT RECORD.
 PK SUBROUTINE NOT CALLED AT NONEVENT (ADDITIONAL OR LAGGED) DOSE TIMES.
0PK SUBROUTINE INDICATES THAT COMPARTMENT AMOUNTS ARE INITIALIZED.
0ERROR SUBROUTINE CALLED WITH EVERY EVENT RECORD.
0DES SUBROUTINE USES COMPACT STORAGE MODE.
1
 PROBLEM NO.:         1     SUBPROBLEM NO.:      1

 SIMULATION STEP PERFORMED
 SOURCE  1:
    SEED1:    1434163470   SEED2:             0
 ESTIMATION STEP OMITTED:                 YES 
  
1
 PROBLEM NO.:         1     SUBPROBLEM NO.:      2

 SIMULATION STEP PERFORMED
 SOURCE  1:
    SEED1:    1699282001   SEED2:             0
 ESTIMATION STEP OMITTED:                 YES 
  
1
 PROBLEM NO.:         1     SUBPROBLEM NO.:      3

 SIMULATION STEP PERFORMED
 SOURCE  1:
    SEED1:    1602732211   SEED2:             0
 ESTIMATION STEP OMITTED:                 YES 
  
1
 PROBLEM NO.:         1     SUBPROBLEM NO.:      4

 SIMULATION STEP PERFORMED
 SOURCE  1:
    SEED1:    1688060776   SEED2:             0
 ESTIMATION STEP OMITTED:                 YES 
  
1
 PROBLEM NO.:         1     SUBPROBLEM NO.:      5

 SIMULATION STEP PERFORMED
 SOURCE  1:
    SEED1:     864211568   SEED2:             0
 ESTIMATION STEP OMITTED:                 YES 
  
1
 PROBLEM NO.:         1     SUBPROBLEM NO.:      6

 SIMULATION STEP PERFORMED
 SOURCE  1:
    SEED1:    1667720890   SEED2:             0
 ESTIMATION STEP OMITTED:                 YES 
  
1
 PROBLEM NO.:         1     SUBPROBLEM NO.:      7

 SIMULATION STEP PERFORMED
 SOURCE  1:
    SEED1:    1841776927   SEED2:             0
 ESTIMATION STEP OMITTED:                 YES 
  
1
 PROBLEM NO.:         1     SUBPROBLEM NO.:      8

 SIMULATION STEP PERFORMED
 SOURCE  1:
    SEED1:     887729518   SEED2:             0
 ESTIMATION STEP OMITTED:                 YES 
  
1
 PROBLEM NO.:         1     SUBPROBLEM NO.:      9

 SIMULATION STEP PERFORMED
 SOURCE  1:
    SEED1:     730846423   SEED2:             0
 ESTIMATION STEP OMITTED:                 YES 
  
1
 PROBLEM NO.:         1     SUBPROBLEM NO.:     10

 SIMULATION STEP PERFORMED
 SOURCE  1:
    SEED1:     265055890   SEED2:             0
 ESTIMATION STEP OMITTED:                 YES 
  
1
 PROBLEM NO.:         1     SUBPROBLEM NO.:     11

 SIMULATION STEP PERFORMED
 SOURCE  1:
    SEED1:     270556476   SEED2:             0
 ESTIMATION STEP OMITTED:                 YES 
  
1
 PROBLEM NO.:         1     SUBPROBLEM NO.:     12

 SIMULATION STEP PERFORMED
 SOURCE  1:
    SEED1:     634133445   SEED2:             0
 ESTIMATION STEP OMITTED:                 YES 
  
1
 PROBLEM NO.:         1     SUBPROBLEM NO.:     13

 SIMULATION STEP PERFORMED
 SOURCE  1:
    SEED1:    1098204482   SEED2:             0
 ESTIMATION STEP OMITTED:                 YES 
  
1
 PROBLEM NO.:         1     SUBPROBLEM NO.:     14

 SIMULATION STEP PERFORMED
 SOURCE  1:
    SEED1:    1729910340   SEED2:             0
 ESTIMATION STEP OMITTED:                 YES 
  
1
 PROBLEM NO.:         1     SUBPROBLEM NO.:     15

 SIMULATION STEP PERFORMED
 SOURCE  1:
    SEED1:    1037961515   SEED2:             0
 ESTIMATION STEP OMITTED:                 YES 
  
1
 PROBLEM NO.:         1     SUBPROBLEM NO.:     16

 SIMULATION STEP PERFORMED
 SOURCE  1:
    SEED1:    1993888627   SEED2:             0
 ESTIMATION STEP OMITTED:                 YES 
  
1
 PROBLEM NO.:         1     SUBPROBLEM NO.:     17

 SIMULATION STEP PERFORMED
 SOURCE  1:
    SEED1:     519412292   SEED2:             0
 ESTIMATION STEP OMITTED:                 YES 
  
1
 PROBLEM NO.:         1     SUBPROBLEM NO.:     18

 SIMULATION STEP PERFORMED
 SOURCE  1:
    SEED1:     500840166   SEED2:             0
 ESTIMATION STEP OMITTED:                 YES 
  
1
 PROBLEM NO.:         1     SUBPROBLEM NO.:     19

 SIMULATION STEP PERFORMED
 SOURCE  1:
    SEED1:    1275056719   SEED2:             0
 ESTIMATION STEP OMITTED:                 YES 
  
1
 PROBLEM NO.:         1     SUBPROBLEM NO.:     20

 SIMULATION STEP PERFORMED
 SOURCE  1:
    SEED1:    1692728680   SEED2:             0
 ESTIMATION STEP OMITTED:                 YES 
  
1
 PROBLEM NO.:         1     SUBPROBLEM NO.:     21

 SIMULATION STEP PERFORMED
 SOURCE  1:
    SEED1:    1808382766   SEED2:             0
 ESTIMATION STEP OMITTED:                 YES 
  
1
 PROBLEM NO.:         1     SUBPROBLEM NO.:     22

 SIMULATION STEP PERFORMED
 SOURCE  1:
    SEED1:    1638977996   SEED2:             0
 ESTIMATION STEP OMITTED:                 YES 
  
1
 PROBLEM NO.:         1     SUBPROBLEM NO.:     23

 SIMULATION STEP PERFORMED
 SOURCE  1:
    SEED1:     599882457   SEED2:             0
 ESTIMATION STEP OMITTED:                 YES 
  
1
 PROBLEM NO.:         1     SUBPROBLEM NO.:     24

 SIMULATION STEP PERFORMED
 SOURCE  1:
    SEED1:    1060860337   SEED2:             0
 ESTIMATION STEP OMITTED:                 YES 
  
1
 PROBLEM NO.:         1     SUBPROBLEM NO.:     25

 SIMULATION STEP PERFORMED
 SOURCE  1:
    SEED1:     638638074   SEED2:             0
 ESTIMATION STEP OMITTED:                 YES 
  
1
 PROBLEM NO.:         1     SUBPROBLEM NO.:     26

 SIMULATION STEP PERFORMED
 SOURCE  1:
    SEED1:    1686572400   SEED2:             0
 ESTIMATION STEP OMITTED:                 YES 
  
1
 PROBLEM NO.:         1     SUBPROBLEM NO.:     27

 SIMULATION STEP PERFORMED
 SOURCE  1:
    SEED1:    1204076104   SEED2:             0
 ESTIMATION STEP OMITTED:                 YES 
  
1
 PROBLEM NO.:         1     SUBPROBLEM NO.:     28

 SIMULATION STEP PERFORMED
 SOURCE  1:
    SEED1:      65573637   SEED2:             0
 ESTIMATION STEP OMITTED:                 YES 
  
1
 PROBLEM NO.:         1     SUBPROBLEM NO.:     29

 SIMULATION STEP PERFORMED
 SOURCE  1:
    SEED1:     684067632   SEED2:             0
 ESTIMATION STEP OMITTED:                 YES 
  
1
 PROBLEM NO.:         1     SUBPROBLEM NO.:     30

 SIMULATION STEP PERFORMED
 SOURCE  1:
    SEED1:     141441820   SEED2:             0
 ESTIMATION STEP OMITTED:                 YES 
  
1
 PROBLEM NO.:         1     SUBPROBLEM NO.:     31

 SIMULATION STEP PERFORMED
 SOURCE  1:
    SEED1:     504336377   SEED2:             0
 ESTIMATION STEP OMITTED:                 YES 
  
1
 PROBLEM NO.:         1     SUBPROBLEM NO.:     32

 SIMULATION STEP PERFORMED
 SOURCE  1:
    SEED1:     585212648   SEED2:             0
 ESTIMATION STEP OMITTED:                 YES 
  
1
 PROBLEM NO.:         1     SUBPROBLEM NO.:     33

 SIMULATION STEP PERFORMED
 SOURCE  1:
    SEED1:     819972608   SEED2:             0
 ESTIMATION STEP OMITTED:                 YES 
  
1
 PROBLEM NO.:         1     SUBPROBLEM NO.:     34

 SIMULATION STEP PERFORMED
 SOURCE  1:
    SEED1:    1824504666   SEED2:             0
 ESTIMATION STEP OMITTED:                 YES 
  
1
 PROBLEM NO.:         1     SUBPROBLEM NO.:     35

 SIMULATION STEP PERFORMED
 SOURCE  1:
    SEED1:    1184726477   SEED2:             0
 ESTIMATION STEP OMITTED:                 YES 
  
1
 PROBLEM NO.:         1     SUBPROBLEM NO.:     36

 SIMULATION STEP PERFORMED
 SOURCE  1:
    SEED1:     268254655   SEED2:             0
 ESTIMATION STEP OMITTED:                 YES 
  
1
 PROBLEM NO.:         1     SUBPROBLEM NO.:     37

 SIMULATION STEP PERFORMED
 SOURCE  1:
    SEED1:     867795433   SEED2:             0
 ESTIMATION STEP OMITTED:                 YES 
  
1
 PROBLEM NO.:         1     SUBPROBLEM NO.:     38

 SIMULATION STEP PERFORMED
 SOURCE  1:
    SEED1:     945164425   SEED2:             0
 ESTIMATION STEP OMITTED:                 YES 
  
1
 PROBLEM NO.:         1     SUBPROBLEM NO.:     39

 SIMULATION STEP PERFORMED
 SOURCE  1:
    SEED1:     437931338   SEED2:             0
 ESTIMATION STEP OMITTED:                 YES 
  
1
 PROBLEM NO.:         1     SUBPROBLEM NO.:     40

 SIMULATION STEP PERFORMED
 SOURCE  1:
    SEED1:    1439732986   SEED2:             0
 ESTIMATION STEP OMITTED:                 YES 
  
1
 PROBLEM NO.:         1     SUBPROBLEM NO.:     41

 SIMULATION STEP PERFORMED
 SOURCE  1:
    SEED1:     116222557   SEED2:             0
 ESTIMATION STEP OMITTED:                 YES 
  
1
 PROBLEM NO.:         1     SUBPROBLEM NO.:     42

 SIMULATION STEP PERFORMED
 SOURCE  1:
    SEED1:     807454575   SEED2:             0
 ESTIMATION STEP OMITTED:                 YES 
  
1
 PROBLEM NO.:         1     SUBPROBLEM NO.:     43

 SIMULATION STEP PERFORMED
 SOURCE  1:
    SEED1:     947026018   SEED2:             0
 ESTIMATION STEP OMITTED:                 YES 
  
1
 PROBLEM NO.:         1     SUBPROBLEM NO.:     44

 SIMULATION STEP PERFORMED
 SOURCE  1:
    SEED1:     435837811   SEED2:             0
 ESTIMATION STEP OMITTED:                 YES 
  
1
 PROBLEM NO.:         1     SUBPROBLEM NO.:     45

 SIMULATION STEP PERFORMED
 SOURCE  1:
    SEED1:     126666760   SEED2:             0
 ESTIMATION STEP OMITTED:                 YES 
  
1
 PROBLEM NO.:         1     SUBPROBLEM NO.:     46

 SIMULATION STEP PERFORMED
 SOURCE  1:
    SEED1:    1472189796   SEED2:             0
 ESTIMATION STEP OMITTED:                 YES 
  
1
 PROBLEM NO.:         1     SUBPROBLEM NO.:     47

 SIMULATION STEP PERFORMED
 SOURCE  1:
    SEED1:     539643514   SEED2:             0
 ESTIMATION STEP OMITTED:                 YES 
  
1
 PROBLEM NO.:         1     SUBPROBLEM NO.:     48

 SIMULATION STEP PERFORMED
 SOURCE  1:
    SEED1:     189203654   SEED2:             0
 ESTIMATION STEP OMITTED:                 YES 
  
1
 PROBLEM NO.:         1     SUBPROBLEM NO.:     49

 SIMULATION STEP PERFORMED
 SOURCE  1:
    SEED1:     706922513   SEED2:             0
 ESTIMATION STEP OMITTED:                 YES 
  
1
 PROBLEM NO.:         1     SUBPROBLEM NO.:     50

 SIMULATION STEP PERFORMED
 SOURCE  1:
    SEED1:      96313301   SEED2:             0
 ESTIMATION STEP OMITTED:                 YES 
  
1
 PROBLEM NO.:         1     SUBPROBLEM NO.:     51

 SIMULATION STEP PERFORMED
 SOURCE  1:
    SEED1:    1070815348   SEED2:             0
 ESTIMATION STEP OMITTED:                 YES 
  
1
 PROBLEM NO.:         1     SUBPROBLEM NO.:     52

 SIMULATION STEP PERFORMED
 SOURCE  1:
    SEED1:     342300267   SEED2:             0
 ESTIMATION STEP OMITTED:                 YES 
  
1
 PROBLEM NO.:         1     SUBPROBLEM NO.:     53

 SIMULATION STEP PERFORMED
 SOURCE  1:
    SEED1:    1800369118   SEED2:             0
 ESTIMATION STEP OMITTED:                 YES 
  
1
 PROBLEM NO.:         1     SUBPROBLEM NO.:     54

 SIMULATION STEP PERFORMED
 SOURCE  1:
    SEED1:    1858471008   SEED2:             0
 ESTIMATION STEP OMITTED:                 YES 
  
1
 PROBLEM NO.:         1     SUBPROBLEM NO.:     55

 SIMULATION STEP PERFORMED
 SOURCE  1:
    SEED1:    1351672825   SEED2:             0
 ESTIMATION STEP OMITTED:                 YES 
  
1
 PROBLEM NO.:         1     SUBPROBLEM NO.:     56

 SIMULATION STEP PERFORMED
 SOURCE  1:
    SEED1:    1848370973   SEED2:             0
 ESTIMATION STEP OMITTED:                 YES 
  
1
 PROBLEM NO.:         1     SUBPROBLEM NO.:     57

 SIMULATION STEP PERFORMED
 SOURCE  1:
    SEED1:     266753762   SEED2:             0
 ESTIMATION STEP OMITTED:                 YES 
  
1
 PROBLEM NO.:         1     SUBPROBLEM NO.:     58

 SIMULATION STEP PERFORMED
 SOURCE  1:
    SEED1:    1018343857   SEED2:             0
 ESTIMATION STEP OMITTED:                 YES 
  
1
 PROBLEM NO.:         1     SUBPROBLEM NO.:     59

 SIMULATION STEP PERFORMED
 SOURCE  1:
    SEED1:    1331218264   SEED2:             0
 ESTIMATION STEP OMITTED:                 YES 
  
1
 PROBLEM NO.:         1     SUBPROBLEM NO.:     60

 SIMULATION STEP PERFORMED
 SOURCE  1:
    SEED1:    1464320675   SEED2:             0
 ESTIMATION STEP OMITTED:                 YES 
  
1
 PROBLEM NO.:         1     SUBPROBLEM NO.:     61

 SIMULATION STEP PERFORMED
 SOURCE  1:
    SEED1:     377591183   SEED2:             0
 ESTIMATION STEP OMITTED:                 YES 
  
1
 PROBLEM NO.:         1     SUBPROBLEM NO.:     62

 SIMULATION STEP PERFORMED
 SOURCE  1:
    SEED1:     979564682   SEED2:             0
 ESTIMATION STEP OMITTED:                 YES 
  
1
 PROBLEM NO.:         1     SUBPROBLEM NO.:     63

 SIMULATION STEP PERFORMED
 SOURCE  1:
    SEED1:     981931121   SEED2:             0
 ESTIMATION STEP OMITTED:                 YES 
  
1
 PROBLEM NO.:         1     SUBPROBLEM NO.:     64

 SIMULATION STEP PERFORMED
 SOURCE  1:
    SEED1:    1171270560   SEED2:             0
 ESTIMATION STEP OMITTED:                 YES 
  
1
 PROBLEM NO.:         1     SUBPROBLEM NO.:     65

 SIMULATION STEP PERFORMED
 SOURCE  1:
    SEED1:     567506323   SEED2:             0
 ESTIMATION STEP OMITTED:                 YES 
  
1
 PROBLEM NO.:         1     SUBPROBLEM NO.:     66

 SIMULATION STEP PERFORMED
 SOURCE  1:
    SEED1:    1244123500   SEED2:             0
 ESTIMATION STEP OMITTED:                 YES 
  
1
 PROBLEM NO.:         1     SUBPROBLEM NO.:     67

 SIMULATION STEP PERFORMED
 SOURCE  1:
    SEED1:     769107678   SEED2:             0
 ESTIMATION STEP OMITTED:                 YES 
  
1
 PROBLEM NO.:         1     SUBPROBLEM NO.:     68

 SIMULATION STEP PERFORMED
 SOURCE  1:
    SEED1:    1412230232   SEED2:             0
 ESTIMATION STEP OMITTED:                 YES 
  
1
 PROBLEM NO.:         1     SUBPROBLEM NO.:     69

 SIMULATION STEP PERFORMED
 SOURCE  1:
    SEED1:    1839192141   SEED2:             0
 ESTIMATION STEP OMITTED:                 YES 
  
1
 PROBLEM NO.:         1     SUBPROBLEM NO.:     70

 SIMULATION STEP PERFORMED
 SOURCE  1:
    SEED1:      88156659   SEED2:             0
 ESTIMATION STEP OMITTED:                 YES 
  
1
 PROBLEM NO.:         1     SUBPROBLEM NO.:     71

 SIMULATION STEP PERFORMED
 SOURCE  1:
    SEED1:     606286105   SEED2:             0
 ESTIMATION STEP OMITTED:                 YES 
  
1
 PROBLEM NO.:         1     SUBPROBLEM NO.:     72

 SIMULATION STEP PERFORMED
 SOURCE  1:
    SEED1:    1542715036   SEED2:             0
 ESTIMATION STEP OMITTED:                 YES 
  
1
 PROBLEM NO.:         1     SUBPROBLEM NO.:     73

 SIMULATION STEP PERFORMED
 SOURCE  1:
    SEED1:     861430133   SEED2:             0
 ESTIMATION STEP OMITTED:                 YES 
  
1
 PROBLEM NO.:         1     SUBPROBLEM NO.:     74

 SIMULATION STEP PERFORMED
 SOURCE  1:
    SEED1:     971769707   SEED2:             0
 ESTIMATION STEP OMITTED:                 YES 
  
1
 PROBLEM NO.:         1     SUBPROBLEM NO.:     75

 SIMULATION STEP PERFORMED
 SOURCE  1:
    SEED1:     146399404   SEED2:             0
 ESTIMATION STEP OMITTED:                 YES 
  
1
 PROBLEM NO.:         1     SUBPROBLEM NO.:     76

 SIMULATION STEP PERFORMED
 SOURCE  1:
    SEED1:    1492835466   SEED2:             0
 ESTIMATION STEP OMITTED:                 YES 
  
1
 PROBLEM NO.:         1     SUBPROBLEM NO.:     77

 SIMULATION STEP PERFORMED
 SOURCE  1:
    SEED1:     398297426   SEED2:             0
 ESTIMATION STEP OMITTED:                 YES 
  
1
 PROBLEM NO.:         1     SUBPROBLEM NO.:     78

 SIMULATION STEP PERFORMED
 SOURCE  1:
    SEED1:     205132992   SEED2:             0
 ESTIMATION STEP OMITTED:                 YES 
  
1
 PROBLEM NO.:         1     SUBPROBLEM NO.:     79

 SIMULATION STEP PERFORMED
 SOURCE  1:
    SEED1:    1500856403   SEED2:             0
 ESTIMATION STEP OMITTED:                 YES 
  
1
 PROBLEM NO.:         1     SUBPROBLEM NO.:     80

 SIMULATION STEP PERFORMED
 SOURCE  1:
    SEED1:    1830734844   SEED2:             0
 ESTIMATION STEP OMITTED:                 YES 
  
1
 PROBLEM NO.:         1     SUBPROBLEM NO.:     81

 SIMULATION STEP PERFORMED
 SOURCE  1:
    SEED1:    1104425512   SEED2:             0
 ESTIMATION STEP OMITTED:                 YES 
  
1
 PROBLEM NO.:         1     SUBPROBLEM NO.:     82

 SIMULATION STEP PERFORMED
 SOURCE  1:
    SEED1:     581021045   SEED2:             0
 ESTIMATION STEP OMITTED:                 YES 
  
1
 PROBLEM NO.:         1     SUBPROBLEM NO.:     83

 SIMULATION STEP PERFORMED
 SOURCE  1:
    SEED1:     370999973   SEED2:             0
 ESTIMATION STEP OMITTED:                 YES 
  
1
 PROBLEM NO.:         1     SUBPROBLEM NO.:     84

 SIMULATION STEP PERFORMED
 SOURCE  1:
    SEED1:     723329101   SEED2:             0
 ESTIMATION STEP OMITTED:                 YES 
  
1
 PROBLEM NO.:         1     SUBPROBLEM NO.:     85

 SIMULATION STEP PERFORMED
 SOURCE  1:
    SEED1:    1748419930   SEED2:             0
 ESTIMATION STEP OMITTED:                 YES 
  
1
 PROBLEM NO.:         1     SUBPROBLEM NO.:     86

 SIMULATION STEP PERFORMED
 SOURCE  1:
    SEED1:     852042988   SEED2:             0
 ESTIMATION STEP OMITTED:                 YES 
  
1
 PROBLEM NO.:         1     SUBPROBLEM NO.:     87

 SIMULATION STEP PERFORMED
 SOURCE  1:
    SEED1:    1481786634   SEED2:             0
 ESTIMATION STEP OMITTED:                 YES 
  
1
 PROBLEM NO.:         1     SUBPROBLEM NO.:     88

 SIMULATION STEP PERFORMED
 SOURCE  1:
    SEED1:     407403991   SEED2:             0
 ESTIMATION STEP OMITTED:                 YES 
  
1
 PROBLEM NO.:         1     SUBPROBLEM NO.:     89

 SIMULATION STEP PERFORMED
 SOURCE  1:
    SEED1:     925043649   SEED2:             0
 ESTIMATION STEP OMITTED:                 YES 
  
1
 PROBLEM NO.:         1     SUBPROBLEM NO.:     90

 SIMULATION STEP PERFORMED
 SOURCE  1:
    SEED1:     769745377   SEED2:             0
 ESTIMATION STEP OMITTED:                 YES 
  
1
 PROBLEM NO.:         1     SUBPROBLEM NO.:     91

 SIMULATION STEP PERFORMED
 SOURCE  1:
    SEED1:    1581522075   SEED2:             0
 ESTIMATION STEP OMITTED:                 YES 
  
1
 PROBLEM NO.:         1     SUBPROBLEM NO.:     92

 SIMULATION STEP PERFORMED
 SOURCE  1:
    SEED1:    1006282012   SEED2:             0
 ESTIMATION STEP OMITTED:                 YES 
  
1
 PROBLEM NO.:         1     SUBPROBLEM NO.:     93

 SIMULATION STEP PERFORMED
 SOURCE  1:
    SEED1:    1631063970   SEED2:             0
 ESTIMATION STEP OMITTED:                 YES 
  
1
 PROBLEM NO.:         1     SUBPROBLEM NO.:     94

 SIMULATION STEP PERFORMED
 SOURCE  1:
    SEED1:    1046595783   SEED2:             0
 ESTIMATION STEP OMITTED:                 YES 
  
1
 PROBLEM NO.:         1     SUBPROBLEM NO.:     95

 SIMULATION STEP PERFORMED
 SOURCE  1:
    SEED1:     631789483   SEED2:             0
 ESTIMATION STEP OMITTED:                 YES 
  
1
 PROBLEM NO.:         1     SUBPROBLEM NO.:     96

 SIMULATION STEP PERFORMED
 SOURCE  1:
    SEED1:     298179684   SEED2:             0
 ESTIMATION STEP OMITTED:                 YES 
  
1
 PROBLEM NO.:         1     SUBPROBLEM NO.:     97

 SIMULATION STEP PERFORMED
 SOURCE  1:
    SEED1:      73156419   SEED2:             0
 ESTIMATION STEP OMITTED:                 YES 
  
1
 PROBLEM NO.:         1     SUBPROBLEM NO.:     98

 SIMULATION STEP PERFORMED
 SOURCE  1:
    SEED1:     579363267   SEED2:             0
 ESTIMATION STEP OMITTED:                 YES 
  
1
 PROBLEM NO.:         1     SUBPROBLEM NO.:     99

 SIMULATION STEP PERFORMED
 SOURCE  1:
    SEED1:     435158394   SEED2:             0
 ESTIMATION STEP OMITTED:                 YES 
  
1
 PROBLEM NO.:         1     SUBPROBLEM NO.:    100

 SIMULATION STEP PERFORMED
 SOURCE  1:
    SEED1:     735125070   SEED2:             0
 ESTIMATION STEP OMITTED:                 YES 
  
1
 PROBLEM NO.:         1     SUBPROBLEM NO.:    101

 SIMULATION STEP PERFORMED
 SOURCE  1:
    SEED1:    1952825486   SEED2:             0
 ESTIMATION STEP OMITTED:                 YES 
  
1
 PROBLEM NO.:         1     SUBPROBLEM NO.:    102

 SIMULATION STEP PERFORMED
 SOURCE  1:
    SEED1:    1611958405   SEED2:             0
 ESTIMATION STEP OMITTED:                 YES 
  
1
 PROBLEM NO.:         1     SUBPROBLEM NO.:    103

 SIMULATION STEP PERFORMED
 SOURCE  1:
    SEED1:    2138812112   SEED2:             0
 ESTIMATION STEP OMITTED:                 YES 
  
1
 PROBLEM NO.:         1     SUBPROBLEM NO.:    104

 SIMULATION STEP PERFORMED
 SOURCE  1:
    SEED1:    1187899602   SEED2:             0
 ESTIMATION STEP OMITTED:                 YES 
  
1
 PROBLEM NO.:         1     SUBPROBLEM NO.:    105

 SIMULATION STEP PERFORMED
 SOURCE  1:
    SEED1:     130619079   SEED2:             0
 ESTIMATION STEP OMITTED:                 YES 
  
1
 PROBLEM NO.:         1     SUBPROBLEM NO.:    106

 SIMULATION STEP PERFORMED
 SOURCE  1:
    SEED1:     154965007   SEED2:             0
 ESTIMATION STEP OMITTED:                 YES 
  
1
 PROBLEM NO.:         1     SUBPROBLEM NO.:    107

 SIMULATION STEP PERFORMED
 SOURCE  1:
    SEED1:    1613007345   SEED2:             0
 ESTIMATION STEP OMITTED:                 YES 
  
1
 PROBLEM NO.:         1     SUBPROBLEM NO.:    108

 SIMULATION STEP PERFORMED
 SOURCE  1:
    SEED1:    1858233615   SEED2:             0
 ESTIMATION STEP OMITTED:                 YES 
  
1
 PROBLEM NO.:         1     SUBPROBLEM NO.:    109

 SIMULATION STEP PERFORMED
 SOURCE  1:
    SEED1:    1012505518   SEED2:             0
 ESTIMATION STEP OMITTED:                 YES 
  
1
 PROBLEM NO.:         1     SUBPROBLEM NO.:    110

 SIMULATION STEP PERFORMED
 SOURCE  1:
    SEED1:      73725102   SEED2:             0
 ESTIMATION STEP OMITTED:                 YES 
  
1
 PROBLEM NO.:         1     SUBPROBLEM NO.:    111

 SIMULATION STEP PERFORMED
 SOURCE  1:
    SEED1:    1184730300   SEED2:             0
 ESTIMATION STEP OMITTED:                 YES 
  
1
 PROBLEM NO.:         1     SUBPROBLEM NO.:    112

 SIMULATION STEP PERFORMED
 SOURCE  1:
    SEED1:    1470245862   SEED2:             0
 ESTIMATION STEP OMITTED:                 YES 
  
1
 PROBLEM NO.:         1     SUBPROBLEM NO.:    113

 SIMULATION STEP PERFORMED
 SOURCE  1:
    SEED1:    1029334256   SEED2:             0
 ESTIMATION STEP OMITTED:                 YES 
  
1
 PROBLEM NO.:         1     SUBPROBLEM NO.:    114

 SIMULATION STEP PERFORMED
 SOURCE  1:
    SEED1:     838934096   SEED2:             0
 ESTIMATION STEP OMITTED:                 YES 
  
1
 PROBLEM NO.:         1     SUBPROBLEM NO.:    115

 SIMULATION STEP PERFORMED
 SOURCE  1:
    SEED1:     527881475   SEED2:             0
 ESTIMATION STEP OMITTED:                 YES 
  
1
 PROBLEM NO.:         1     SUBPROBLEM NO.:    116

 SIMULATION STEP PERFORMED
 SOURCE  1:
    SEED1:     901158428   SEED2:             0
 ESTIMATION STEP OMITTED:                 YES 
  
1
 PROBLEM NO.:         1     SUBPROBLEM NO.:    117

 SIMULATION STEP PERFORMED
 SOURCE  1:
    SEED1:    1930070468   SEED2:             0
 ESTIMATION STEP OMITTED:                 YES 
  
1
 PROBLEM NO.:         1     SUBPROBLEM NO.:    118

 SIMULATION STEP PERFORMED
 SOURCE  1:
    SEED1:     449033597   SEED2:             0
 ESTIMATION STEP OMITTED:                 YES 
  
1
 PROBLEM NO.:         1     SUBPROBLEM NO.:    119

 SIMULATION STEP PERFORMED
 SOURCE  1:
    SEED1:    1083030517   SEED2:             0
 ESTIMATION STEP OMITTED:                 YES 
  
1
 PROBLEM NO.:         1     SUBPROBLEM NO.:    120

 SIMULATION STEP PERFORMED
 SOURCE  1:
    SEED1:    1830785362   SEED2:             0
 ESTIMATION STEP OMITTED:                 YES 
  
1
 PROBLEM NO.:         1     SUBPROBLEM NO.:    121

 SIMULATION STEP PERFORMED
 SOURCE  1:
    SEED1:    1275737755   SEED2:             0
 ESTIMATION STEP OMITTED:                 YES 
  
1
 PROBLEM NO.:         1     SUBPROBLEM NO.:    122

 SIMULATION STEP PERFORMED
 SOURCE  1:
    SEED1:    1529263995   SEED2:             0
 ESTIMATION STEP OMITTED:                 YES 
  
1
 PROBLEM NO.:         1     SUBPROBLEM NO.:    123

 SIMULATION STEP PERFORMED
 SOURCE  1:
    SEED1:    1206293213   SEED2:             0
 ESTIMATION STEP OMITTED:                 YES 
  
1
 PROBLEM NO.:         1     SUBPROBLEM NO.:    124

 SIMULATION STEP PERFORMED
 SOURCE  1:
    SEED1:     949150197   SEED2:             0
 ESTIMATION STEP OMITTED:                 YES 
  
1
 PROBLEM NO.:         1     SUBPROBLEM NO.:    125

 SIMULATION STEP PERFORMED
 SOURCE  1:
    SEED1:     872924581   SEED2:             0
 ESTIMATION STEP OMITTED:                 YES 
  
1
 PROBLEM NO.:         1     SUBPROBLEM NO.:    126

 SIMULATION STEP PERFORMED
 SOURCE  1:
    SEED1:     730406860   SEED2:             0
 ESTIMATION STEP OMITTED:                 YES 
  
1
 PROBLEM NO.:         1     SUBPROBLEM NO.:    127

 SIMULATION STEP PERFORMED
 SOURCE  1:
    SEED1:     465849733   SEED2:             0
 ESTIMATION STEP OMITTED:                 YES 
  
1
 PROBLEM NO.:         1     SUBPROBLEM NO.:    128

 SIMULATION STEP PERFORMED
 SOURCE  1:
    SEED1:    1888907907   SEED2:             0
 ESTIMATION STEP OMITTED:                 YES 
  
1
 PROBLEM NO.:         1     SUBPROBLEM NO.:    129

 SIMULATION STEP PERFORMED
 SOURCE  1:
    SEED1:     717278950   SEED2:             0
 ESTIMATION STEP OMITTED:                 YES 
  
1
 PROBLEM NO.:         1     SUBPROBLEM NO.:    130

 SIMULATION STEP PERFORMED
 SOURCE  1:
    SEED1:    1273650921   SEED2:             0
 ESTIMATION STEP OMITTED:                 YES 
  
1
 PROBLEM NO.:         1     SUBPROBLEM NO.:    131

 SIMULATION STEP PERFORMED
 SOURCE  1:
    SEED1:    1737474024   SEED2:             0
 ESTIMATION STEP OMITTED:                 YES 
  
1
 PROBLEM NO.:         1     SUBPROBLEM NO.:    132

 SIMULATION STEP PERFORMED
 SOURCE  1:
    SEED1:     890258425   SEED2:             0
 ESTIMATION STEP OMITTED:                 YES 
  
1
 PROBLEM NO.:         1     SUBPROBLEM NO.:    133

 SIMULATION STEP PERFORMED
 SOURCE  1:
    SEED1:    1109889363   SEED2:             0
 ESTIMATION STEP OMITTED:                 YES 
  
1
 PROBLEM NO.:         1     SUBPROBLEM NO.:    134

 SIMULATION STEP PERFORMED
 SOURCE  1:
    SEED1:    1175275507   SEED2:             0
 ESTIMATION STEP OMITTED:                 YES 
  
1
 PROBLEM NO.:         1     SUBPROBLEM NO.:    135

 SIMULATION STEP PERFORMED
 SOURCE  1:
    SEED1:    1923533464   SEED2:             0
 ESTIMATION STEP OMITTED:                 YES 
  
1
 PROBLEM NO.:         1     SUBPROBLEM NO.:    136

 SIMULATION STEP PERFORMED
 SOURCE  1:
    SEED1:     668145304   SEED2:             0
 ESTIMATION STEP OMITTED:                 YES 
  
1
 PROBLEM NO.:         1     SUBPROBLEM NO.:    137

 SIMULATION STEP PERFORMED
 SOURCE  1:
    SEED1:     718483633   SEED2:             0
 ESTIMATION STEP OMITTED:                 YES 
  
1
 PROBLEM NO.:         1     SUBPROBLEM NO.:    138

 SIMULATION STEP PERFORMED
 SOURCE  1:
    SEED1:    1946094747   SEED2:             0
 ESTIMATION STEP OMITTED:                 YES 
  
1
 PROBLEM NO.:         1     SUBPROBLEM NO.:    139

 SIMULATION STEP PERFORMED
 SOURCE  1:
    SEED1:    1528577708   SEED2:             0
 ESTIMATION STEP OMITTED:                 YES 
  
1
 PROBLEM NO.:         1     SUBPROBLEM NO.:    140

 SIMULATION STEP PERFORMED
 SOURCE  1:
    SEED1:    1454526049   SEED2:             0
 ESTIMATION STEP OMITTED:                 YES 
  
1
 PROBLEM NO.:         1     SUBPROBLEM NO.:    141

 SIMULATION STEP PERFORMED
 SOURCE  1:
    SEED1:     259270954   SEED2:             0
 ESTIMATION STEP OMITTED:                 YES 
  
1
 PROBLEM NO.:         1     SUBPROBLEM NO.:    142

 SIMULATION STEP PERFORMED
 SOURCE  1:
    SEED1:    1989526453   SEED2:             0
 ESTIMATION STEP OMITTED:                 YES 
  
1
 PROBLEM NO.:         1     SUBPROBLEM NO.:    143

 SIMULATION STEP PERFORMED
 SOURCE  1:
    SEED1:     911271359   SEED2:             0
 ESTIMATION STEP OMITTED:                 YES 
  
1
 PROBLEM NO.:         1     SUBPROBLEM NO.:    144

 SIMULATION STEP PERFORMED
 SOURCE  1:
    SEED1:    1446174416   SEED2:             0
 ESTIMATION STEP OMITTED:                 YES 
  
1
 PROBLEM NO.:         1     SUBPROBLEM NO.:    145

 SIMULATION STEP PERFORMED
 SOURCE  1:
    SEED1:    1652647464   SEED2:             0
 ESTIMATION STEP OMITTED:                 YES 
  
1
 PROBLEM NO.:         1     SUBPROBLEM NO.:    146

 SIMULATION STEP PERFORMED
 SOURCE  1:
    SEED1:     522474222   SEED2:             0
 ESTIMATION STEP OMITTED:                 YES 
  
1
 PROBLEM NO.:         1     SUBPROBLEM NO.:    147

 SIMULATION STEP PERFORMED
 SOURCE  1:
    SEED1:     196848273   SEED2:             0
 ESTIMATION STEP OMITTED:                 YES 
  
1
 PROBLEM NO.:         1     SUBPROBLEM NO.:    148

 SIMULATION STEP PERFORMED
 SOURCE  1:
    SEED1:     995682002   SEED2:             0
 ESTIMATION STEP OMITTED:                 YES 
  
1
 PROBLEM NO.:         1     SUBPROBLEM NO.:    149

 SIMULATION STEP PERFORMED
 SOURCE  1:
    SEED1:     287529286   SEED2:             0
 ESTIMATION STEP OMITTED:                 YES 
  
1
 PROBLEM NO.:         1     SUBPROBLEM NO.:    150

 SIMULATION STEP PERFORMED
 SOURCE  1:
    SEED1:    1490955234   SEED2:             0
 ESTIMATION STEP OMITTED:                 YES 
  
1
 PROBLEM NO.:         1     SUBPROBLEM NO.:    151

 SIMULATION STEP PERFORMED
 SOURCE  1:
    SEED1:     403966073   SEED2:             0
 ESTIMATION STEP OMITTED:                 YES 
  
1
 PROBLEM NO.:         1     SUBPROBLEM NO.:    152

 SIMULATION STEP PERFORMED
 SOURCE  1:
    SEED1:    1087315094   SEED2:             0
 ESTIMATION STEP OMITTED:                 YES 
  
1
 PROBLEM NO.:         1     SUBPROBLEM NO.:    153

 SIMULATION STEP PERFORMED
 SOURCE  1:
    SEED1:    2000848659   SEED2:             0
 ESTIMATION STEP OMITTED:                 YES 
  
1
 PROBLEM NO.:         1     SUBPROBLEM NO.:    154

 SIMULATION STEP PERFORMED
 SOURCE  1:
    SEED1:     751681751   SEED2:             0
 ESTIMATION STEP OMITTED:                 YES 
  
1
 PROBLEM NO.:         1     SUBPROBLEM NO.:    155

 SIMULATION STEP PERFORMED
 SOURCE  1:
    SEED1:    1654710254   SEED2:             0
 ESTIMATION STEP OMITTED:                 YES 
  
1
 PROBLEM NO.:         1     SUBPROBLEM NO.:    156

 SIMULATION STEP PERFORMED
 SOURCE  1:
    SEED1:     794020765   SEED2:             0
 ESTIMATION STEP OMITTED:                 YES 
  
1
 PROBLEM NO.:         1     SUBPROBLEM NO.:    157

 SIMULATION STEP PERFORMED
 SOURCE  1:
    SEED1:     878765957   SEED2:             0
 ESTIMATION STEP OMITTED:                 YES 
  
1
 PROBLEM NO.:         1     SUBPROBLEM NO.:    158

 SIMULATION STEP PERFORMED
 SOURCE  1:
    SEED1:     920546155   SEED2:             0
 ESTIMATION STEP OMITTED:                 YES 
  
1
 PROBLEM NO.:         1     SUBPROBLEM NO.:    159

 SIMULATION STEP PERFORMED
 SOURCE  1:
    SEED1:      77237543   SEED2:             0
 ESTIMATION STEP OMITTED:                 YES 
  
1
 PROBLEM NO.:         1     SUBPROBLEM NO.:    160

 SIMULATION STEP PERFORMED
 SOURCE  1:
    SEED1:    1552207721   SEED2:             0
 ESTIMATION STEP OMITTED:                 YES 
  
1
 PROBLEM NO.:         1     SUBPROBLEM NO.:    161

 SIMULATION STEP PERFORMED
 SOURCE  1:
    SEED1:    1796698566   SEED2:             0
 ESTIMATION STEP OMITTED:                 YES 
  
1
 PROBLEM NO.:         1     SUBPROBLEM NO.:    162

 SIMULATION STEP PERFORMED
 SOURCE  1:
    SEED1:    2094282496   SEED2:             0
 ESTIMATION STEP OMITTED:                 YES 
  
1
 PROBLEM NO.:         1     SUBPROBLEM NO.:    163

 SIMULATION STEP PERFORMED
 SOURCE  1:
    SEED1:    1187286808   SEED2:             0
 ESTIMATION STEP OMITTED:                 YES 
  
1
 PROBLEM NO.:         1     SUBPROBLEM NO.:    164

 SIMULATION STEP PERFORMED
 SOURCE  1:
    SEED1:    1295343096   SEED2:             0
 ESTIMATION STEP OMITTED:                 YES 
  
1
 PROBLEM NO.:         1     SUBPROBLEM NO.:    165

 SIMULATION STEP PERFORMED
 SOURCE  1:
    SEED1:      71929985   SEED2:             0
 ESTIMATION STEP OMITTED:                 YES 
  
1
 PROBLEM NO.:         1     SUBPROBLEM NO.:    166

 SIMULATION STEP PERFORMED
 SOURCE  1:
    SEED1:    1433421070   SEED2:             0
 ESTIMATION STEP OMITTED:                 YES 
  
1
 PROBLEM NO.:         1     SUBPROBLEM NO.:    167

 SIMULATION STEP PERFORMED
 SOURCE  1:
    SEED1:     113693147   SEED2:             0
 ESTIMATION STEP OMITTED:                 YES 
  
1
 PROBLEM NO.:         1     SUBPROBLEM NO.:    168

 SIMULATION STEP PERFORMED
 SOURCE  1:
    SEED1:    1107236918   SEED2:             0
 ESTIMATION STEP OMITTED:                 YES 
  
1
 PROBLEM NO.:         1     SUBPROBLEM NO.:    169

 SIMULATION STEP PERFORMED
 SOURCE  1:
    SEED1:     500323105   SEED2:             0
 ESTIMATION STEP OMITTED:                 YES 
  
1
 PROBLEM NO.:         1     SUBPROBLEM NO.:    170

 SIMULATION STEP PERFORMED
 SOURCE  1:
    SEED1:     405624888   SEED2:             0
 ESTIMATION STEP OMITTED:                 YES 
  
1
 PROBLEM NO.:         1     SUBPROBLEM NO.:    171

 SIMULATION STEP PERFORMED
 SOURCE  1:
    SEED1:    2082816240   SEED2:             0
 ESTIMATION STEP OMITTED:                 YES 
  
1
 PROBLEM NO.:         1     SUBPROBLEM NO.:    172

 SIMULATION STEP PERFORMED
 SOURCE  1:
    SEED1:     892564057   SEED2:             0
 ESTIMATION STEP OMITTED:                 YES 
  
1
 PROBLEM NO.:         1     SUBPROBLEM NO.:    173

 SIMULATION STEP PERFORMED
 SOURCE  1:
    SEED1:     519022633   SEED2:             0
 ESTIMATION STEP OMITTED:                 YES 
  
1
 PROBLEM NO.:         1     SUBPROBLEM NO.:    174

 SIMULATION STEP PERFORMED
 SOURCE  1:
    SEED1:    1624723624   SEED2:             0
 ESTIMATION STEP OMITTED:                 YES 
  
1
 PROBLEM NO.:         1     SUBPROBLEM NO.:    175

 SIMULATION STEP PERFORMED
 SOURCE  1:
    SEED1:    1794611864   SEED2:             0
 ESTIMATION STEP OMITTED:                 YES 
  
1
 PROBLEM NO.:         1     SUBPROBLEM NO.:    176

 SIMULATION STEP PERFORMED
 SOURCE  1:
    SEED1:     126295141   SEED2:             0
 ESTIMATION STEP OMITTED:                 YES 
  
1
 PROBLEM NO.:         1     SUBPROBLEM NO.:    177

 SIMULATION STEP PERFORMED
 SOURCE  1:
    SEED1:    1535174060   SEED2:             0
 ESTIMATION STEP OMITTED:                 YES 
  
1
 PROBLEM NO.:         1     SUBPROBLEM NO.:    178

 SIMULATION STEP PERFORMED
 SOURCE  1:
    SEED1:     885069736   SEED2:             0
 ESTIMATION STEP OMITTED:                 YES 
  
1
 PROBLEM NO.:         1     SUBPROBLEM NO.:    179

 SIMULATION STEP PERFORMED
 SOURCE  1:
    SEED1:     757114383   SEED2:             0
 ESTIMATION STEP OMITTED:                 YES 
  
1
 PROBLEM NO.:         1     SUBPROBLEM NO.:    180

 SIMULATION STEP PERFORMED
 SOURCE  1:
    SEED1:    1930508668   SEED2:             0
 ESTIMATION STEP OMITTED:                 YES 
  
1
 PROBLEM NO.:         1     SUBPROBLEM NO.:    181

 SIMULATION STEP PERFORMED
 SOURCE  1:
    SEED1:     853838336   SEED2:             0
 ESTIMATION STEP OMITTED:                 YES 
  
1
 PROBLEM NO.:         1     SUBPROBLEM NO.:    182

 SIMULATION STEP PERFORMED
 SOURCE  1:
    SEED1:    1719717736   SEED2:             0
 ESTIMATION STEP OMITTED:                 YES 
  
1
 PROBLEM NO.:         1     SUBPROBLEM NO.:    183

 SIMULATION STEP PERFORMED
 SOURCE  1:
    SEED1:     778336629   SEED2:             0
 ESTIMATION STEP OMITTED:                 YES 
  
1
 PROBLEM NO.:         1     SUBPROBLEM NO.:    184

 SIMULATION STEP PERFORMED
 SOURCE  1:
    SEED1:     921610890   SEED2:             0
 ESTIMATION STEP OMITTED:                 YES 
  
1
 PROBLEM NO.:         1     SUBPROBLEM NO.:    185

 SIMULATION STEP PERFORMED
 SOURCE  1:
    SEED1:    1778314944   SEED2:             0
 ESTIMATION STEP OMITTED:                 YES 
  
1
 PROBLEM NO.:         1     SUBPROBLEM NO.:    186

 SIMULATION STEP PERFORMED
 SOURCE  1:
    SEED1:    1559452225   SEED2:             0
 ESTIMATION STEP OMITTED:                 YES 
  
1
 PROBLEM NO.:         1     SUBPROBLEM NO.:    187

 SIMULATION STEP PERFORMED
 SOURCE  1:
    SEED1:    1839602855   SEED2:             0
 ESTIMATION STEP OMITTED:                 YES 
  
1
 PROBLEM NO.:         1     SUBPROBLEM NO.:    188

 SIMULATION STEP PERFORMED
 SOURCE  1:
    SEED1:    1493686998   SEED2:             0
 ESTIMATION STEP OMITTED:                 YES 
  
1
 PROBLEM NO.:         1     SUBPROBLEM NO.:    189

 SIMULATION STEP PERFORMED
 SOURCE  1:
    SEED1:    1997057328   SEED2:             0
 ESTIMATION STEP OMITTED:                 YES 
  
1
 PROBLEM NO.:         1     SUBPROBLEM NO.:    190

 SIMULATION STEP PERFORMED
 SOURCE  1:
    SEED1:    1083820914   SEED2:             0
 ESTIMATION STEP OMITTED:                 YES 
  
1
 PROBLEM NO.:         1     SUBPROBLEM NO.:    191

 SIMULATION STEP PERFORMED
 SOURCE  1:
    SEED1:     833505782   SEED2:             0
 ESTIMATION STEP OMITTED:                 YES 
  
1
 PROBLEM NO.:         1     SUBPROBLEM NO.:    192

 SIMULATION STEP PERFORMED
 SOURCE  1:
    SEED1:    1883268666   SEED2:             0
 ESTIMATION STEP OMITTED:                 YES 
  
1
 PROBLEM NO.:         1     SUBPROBLEM NO.:    193

 SIMULATION STEP PERFORMED
 SOURCE  1:
    SEED1:    1345103683   SEED2:             0
 ESTIMATION STEP OMITTED:                 YES 
  
1
 PROBLEM NO.:         1     SUBPROBLEM NO.:    194

 SIMULATION STEP PERFORMED
 SOURCE  1:
    SEED1:    2062816858   SEED2:             0
 ESTIMATION STEP OMITTED:                 YES 
  
1
 PROBLEM NO.:         1     SUBPROBLEM NO.:    195

 SIMULATION STEP PERFORMED
 SOURCE  1:
    SEED1:    2116818780   SEED2:             0
 ESTIMATION STEP OMITTED:                 YES 
  
1
 PROBLEM NO.:         1     SUBPROBLEM NO.:    196

 SIMULATION STEP PERFORMED
 SOURCE  1:
    SEED1:     311161810   SEED2:             0
 ESTIMATION STEP OMITTED:                 YES 
  
1
 PROBLEM NO.:         1     SUBPROBLEM NO.:    197

 SIMULATION STEP PERFORMED
 SOURCE  1:
    SEED1:      66753000   SEED2:             0
 ESTIMATION STEP OMITTED:                 YES 
  
1
 PROBLEM NO.:         1     SUBPROBLEM NO.:    198

 SIMULATION STEP PERFORMED
 SOURCE  1:
    SEED1:    1398006272   SEED2:             0
 ESTIMATION STEP OMITTED:                 YES 
  
1
 PROBLEM NO.:         1     SUBPROBLEM NO.:    199

 SIMULATION STEP PERFORMED
 SOURCE  1:
    SEED1:    1038794170   SEED2:             0
 ESTIMATION STEP OMITTED:                 YES 
  
1
 PROBLEM NO.:         1     SUBPROBLEM NO.:    200

 SIMULATION STEP PERFORMED
 SOURCE  1:
    SEED1:    1663199895   SEED2:             0
 ESTIMATION STEP OMITTED:                 YES 
 #CPUT: Total CPU Time in Seconds,      488.517
Stop Time: 
Sat 22/08/2015 
10:18 AM
start 22/08/2015
end   22/08/2015
exe  nmtcl
user 0:5.86
real 0:5.86
sys  0:0
start 22/08/2015
end   22/08/2015
exe  nonmem
user 8:15.79
real 8:15.79
sys  0:0
